Running main() from /home/adam/.conan2/p/b/gteste4708a4ff7673/b/src/googletest/src/gtest_main.cc
Note: Google Test filter = *divHugeUnbalancedNumbers_4
[==========] Running 1 test from 1 test suite.
[----------] Global test environment set-up.
[----------] 1 test from BigIntDivOperator_tests
[ RUN      ] BigIntDivOperator_tests.divHugeUnbalancedNumbers_4
B0 = 182002647437282249459342519172809621504
B1 = 4814824860968571115126051218477618548816201237377357952966
B0 = 8494173200831461318
B1 = 261012178719967082286284276340357322303
B0 = 1643487570442835519
B1 = 14149498560668153024
Q1 = 59
R1 = 3913951037779485461
Q1 = 59
Q0 = 5102629807083335621
R0 = 3490072951040441624
Q0 = 5102629807083335621
Q = 1093460530155946880965
A_bis = 55994373861906686852026532904508272503
Q1 = 1093460530155946880965
R1 = 55994373861906686852026532904508272503
Q1 = 1093460530155946880965
Q0 = 3957339804080136801
R0 = 13353866153674808363523640547632006198
Q0 = 3957339804080136801
Q = 20170786554489517578352276451647955526241
A_bis = 246335351331411335624813880569840575488229730462845587239
Q1 = 20170786554489517578352276451647955526241
R1 = 246335351331411335624813880569840575488229730462845587239
Q1 = 20170786554489517578352276451647955526241
B0 = 8494173200831461318
B1 = 261012178719967082286284276340357322303
Q1 = 943769568682455506
R1 = 112268649067418353698667155165450670853
Q1 = 943769568682455506
Q0 = 7934461322855311091
R0 = 7237065831241112966571462427549036332
Q0 = 7934461322855311091
Q = 17409475698040505754916436555985708787
A_bis = 133500301233492890538284397925770384407020079362040600363
Q0 = 17409475698040505754916436555985708787
R0 = 133500301233492890538284397925770384407020079362040600363
Q0 = 17409475698040505754916436555985708787
Q = 6863762991418734140099575381948647181245091455353601389448260300047663830525683
A_bis = 45427798488391241523248454249375685088523238464815291950453241267534114120431197128739786940328
[div_unsigned_unbalanced]
q = 6863762991418734140099575381948647181245091455353601389448260300047663830525683
r = 45427798488391241523248454249375685088523238464815291950453241267534114120431197128739786940328
Q = 6863762991418734140099575381948647181245091455353601389448260300047663830525683
A = 687312429741728187039657769705825800649259165968238847564533799883404800136803796999191094774195216805964117045692944419704725314734267934978471987900541607529785293482375594371115981472458494140347498007976943332059076389611112742252117753821876444816786448363731358632314468462821365057899854150744040613705407161542337417496685090794871343116759976086804211084586908684952157096413142016182572483798408713151070517465516775974529555615019322511575770786645796585762365438259708630621011496692240995412645909441165843853934514516713149373807997394935448386949460146177560584821301310841526960907091968000000016384
B0 = 182002647437282249459342519172809621504
B1 = 4814824860968571115126051218477618548816201237377357952966
B0 = 8494173200831461318
B1 = 261012178719967082286284276340357322303
B0 = 1643487570442835519
B1 = 14149498560668153024
Q1 = 511471540861400794
R1 = 11410757035073037250
Q1 = 511471540861400794
Q0 = 14816830200329887672
R0 = 8952288320677043085
Q0 = 14816830200329887672
Q = 9434984615256137884370041127736270776
A_bis = 140789295257984279555491262202424853687
Q1 = 9434984615256137884370041127736270776
R1 = 140789295257984279555491262202424853687
Q1 = 9434984615256137884370041127736270776
Q0 = 9643081471585968426
R0 = 30636075958571065858315383057275013634
Q0 = 9643081471585968426
Q = 174044746537016955476063946401608872678115925470510342442
A_bis = 565135852630486479793564794797742640639850634162163617588
Q1 = 174044746537016955476063946401608872678115925470510342442
R1 = 565135852630486479793564794797742640639850634162163617588
Q1 = 174044746537016955476063946401608872678115925470510342442
B0 = 8494173200831461318
B1 = 261012178719967082286284276340357322303
Q1 = 1808523573190550552
R1 = 256576959088324516315811133380559421784
Q1 = 1808523573190550552
Q0 = 18133289882196977575
R0 = 178739640204210839590283098911348047161
Q0 = 18133289882196977575
Q = 33361371505916810936777617598298269607
A_bis = 3297164398674003815250537569510718639007046754610975819114
Q0 = 33361371505916810936777617598298269607
R0 = 3297164398674003815250537569510718639007046754610975819114
Q0 = 33361371505916810936777617598298269607
Q = 59224358301770937641184579732054249111972389106892787393744400240074621407666393739330725685159
A_bis = 1121966905708242796041386519535315873001217271511081241702100372983794104665864353742787015483235
[div_unsigned_unbalanced]
q = 59224358301770937641184579732054249111972389106892787393744400240074621407666393739330725685159
r = 1121966905708242796041386519535315873001217271511081241702100372983794104665864353742787015483235
Q = 14660908767304140922112901860043079167331960674276588224614757304962407309437993037672358258219639186935247971242713372662613557832538300749501692431225097359363666453700480666
A = 7947196323725565180111691710827203117455287031187772985491793448969064703491676778778240531054305052554541750028459009813078238293662358062077270226427025870890086848179752556505226498374104457747986196135271598185310680354215330136574777912129667679800672738485024027593247723917148140961195870729761749377962669717140294300295295761339237151282361959303205952773133260680016257924552996096484198135888049938845626239957039629053690519055840643515433114813576221132423705547399579965098031187979066914373632000000016384
B0 = 182002647437282249459342519172809621504
B1 = 4814824860968571115126051218477618548816201237377357952966
B0 = 8494173200831461318
B1 = 261012178719967082286284276340357322303
B0 = 1643487570442835519
B1 = 14149498560668153024
Q1 = 12632224346172913472
R1 = 1155503918767489069
Q1 = 12632224346172913472
Q0 = 39180283549610518
R0 = 5517932271846190253
Q0 = 39180283549610518
Q = 233023409595534707021298565909035381270
A_bis = 101723492125789181794531833145459703528
Q1 = 233023409595534707021298565909035381270
R1 = 101723492125789181794531833145459703528
Q1 = 233023409595534707021298565909035381269
Q0 = 18052609302187290268
R0 = 28643076552596041343978105833944842177
Q0 = 18052609302187290268
Q = 4298523199992023320855272363196947220448512141719782370972
A_bis = 528371502649410039527055318025191187814997092117547444156
Q1 = 4298523199992023320855272363196947220448512141719782370972
R1 = 528371502649410039527055318025191187814997092117547444156
Q1 = 4298523199992023320855272363196947220448512141719782370971
B0 = 8494173200831461318
B1 = 261012178719967082286284276340357322303
Q1 = 11662666870647249519
R1 = 76743470180033478210435506976279826128
Q1 = 11662666870647249519
Q0 = 5423759001139442303
R0 = 18849883394904195184562883802093445447
Q0 = 5423759001139442303
Q = 215138230979760871868726528750301115007
A_bis = 347718974805065046101866007375193916166871232765533967350
Q0 = 215138230979760871868726528750301115007
R0 = 347718974805065046101866007375193916166871232765533967350
Q0 = 215138230979760871868726528750301115007
Q = 1462711648757852227710131293024330783159142070142779050991935306089925416285734494173458065158783
A_bis = 118322635769989701006322786020264963259242738450487192121851243918625213413415712426868207182002
[div_unsigned_unbalanced]
q = 1462711648757852227710131293024330783159142070142779050991935306089925416285734494173458065158783
r = 118322635769989701006322786020264963259242738450487192121851243918625213413415712426868207182002
Q = 31315511061780855612330055710058576559541840508774121589102041025196152719364100217001536049613316527310674961575041536746642942937420793470800687513211442354361070549645044586856387496299572690595075199607059111375161019635303376034774442457732437217354631439547632025881
A = 392376616502986467476254204331057090452343669560689938034615922807190007926235420784229756612266139449450232912564840673403558555372055072722243658304676765806660133401625777378349004170981511020079744073561562368189314196011157574559943473356639917114362798356575132590442619982816890441487692057687728144414210792339165710729475211406490018560664184222715109539224807768613543854125482800035505989729910784000000000016384
B0 = 182002647437282249459342519172809621504
B1 = 4814824860968571115126051218477618548816201237377357952966
B0 = 8494173200831461318
B1 = 261012178719967082286284276340357322303
B0 = 1643487570442835519
B1 = 14149498560668153024
Q1 = 1332194445907918126
R1 = 11803259440035289681
Q1 = 1332194445907918126
Q0 = 15233208455302782300
R0 = 8735391982387494780
Q0 = 15233208455302782300
Q = 24574650000080668531713163546801773916
A_bis = 136103951528381622157656663432669133092
Q1 = 24574650000080668531713163546801773916
R1 = 136103951528381622157656663432669133092
Q1 = 24574650000080668531713163546801773916
Q0 = 8819256783737320872
R0 = 4752576058490324649477632827880538930
Q0 = 8819256783737320872
Q = 453322279252474504379449050680082703542783746965501769128
A_bis = 87669554241810295503149751665504430939200338195061044916
Q1 = 453322279252474504379449050680082703542783746965501769128
R1 = 87669554241810295503149751665504430939200338195061044916
Q1 = 453322279252474504379449050680082703542783746965501769127
B0 = 8494173200831461318
B1 = 261012178719967082286284276340357322303
Q1 = 17853693731868040368
R1 = 54211210131117976169482128109302491256
Q1 = 17853693731868040368
Q0 = 3831316699929617175
R0 = 54348693492412063699928387569126289290
Q0 = 3831316699929617175
Q = 329342519042162142119376094305797251863
A_bis = 1002556439595009109792838229814966193512500169495185733104
Q0 = 329342519042162142119376094305797251863
R0 = 1002556439595009109792838229814966193512500169495185733104
Q0 = 329342519042162142119376094305797251863
Q = 154257578162026659013404976940458805927684781510903342304292106071598031972828500372874425770775
A_bis = 341152278237218568627858780986494660492912150527610530146877285971837436687894076757860212464399
[div_unsigned_unbalanced]
q = 154257578162026659013404976940458805927684781510903342304292106071598031972828500372874425770775
r = 341152278237218568627858780986494660492912150527610530146877285971837436687894076757860212464399
Q = 66889525651201761471290806554690026539262510883337094180134936890505643373386773859917088701470606241847327174084795100353669023290942727202223575613649415860172429712052362912806602448278234422306610221362896355841461198255823167323497372816485567478810793787636236797406623175619109515185526498043477106875124461888377579235470240940587404056793921335851007736357936
A = 529645084192887233865456737736504558752183807998898695242765113254153676167257312073919548558509123510408521513106339138700389132808057932372777891970089476356306096084617428706539569440516533077028487100977025244730575542549092254919811417419365870484407318679220950156528172280391812666346670395913155985696358400000000016384
B0 = 182002647437282249459342519172809621504
B1 = 4814824860968571115126051218477618548816201237377357952966
B0 = 8494173200831461318
B1 = 261012178719967082286284276340357322303
B0 = 1643487570442835519
B1 = 14149498560668153024
Q1 = 3841033182863949190
R1 = 12381936197738936339
Q1 = 3841033182863949190
Q0 = 15696225341889970051
R0 = 3112443624384616135
Q0 = 15696225341889970051
Q = 70854556102917291203712614867796361091
A_bis = 31617899730605983183703546202798202721
Q1 = 70854556102917291203712614867796361091
R1 = 31617899730605983183703546202798202721
Q1 = 70854556102917291203712614867796361090
Q0 = 18375469364541785788
R0 = 38463737011566155233716218236539141695
Q0 = 18375469364541785788
Q = 1307035862886810484305088340195791073605331323304870807228
A_bis = 709530712770830713102823935226852765350623765145709738599
Q1 = 1307035862886810484305088340195791073605331323304870807228
R1 = 709530712770830713102823935226852765350623765145709738599
Q1 = 1307035862886810484305088340195791073605331323304870807228
B0 = 8494173200831461318
B1 = 261012178719967082286284276340357322303
Q1 = 40046041707331591
R1 = 103469634919921437117589403247633644038
Q1 = 40046041707331591
Q0 = 7312600830077437087
R0 = 147596320320865550583617252068157276548
Q0 = 7312600830077437087
Q = 738719082540244567845351502519338143
A_bis = 2722671547180263260995432527424940932777574214170307224469
Q0 = 738719082540244567845351502519338143
R0 = 2722671547180263260995432527424940932777574214170307224469
Q0 = 738719082540244567845351502519338143
Q = 444761257073675061051446546493468599343073032822650218570413141540014557383252864197483036542111
A_bis = 926477118422793562129907337653584976133682955328124684507541133794917465608908150428774930116256
[div_unsigned_unbalanced]
q = 444761257073675061051446546493468599343073032822650218570413141540014557383252864197483036542111
r = 926477118422793562129907337653584976133682955328124684507541133794917465608908150428774930116256
Q = 142875159629866133250651819618191513727323840866810219942336681842292529549142985461960466501984463976583696451193529529935275647955288035471795363186681998881760506345064399549664278383261096948840009032442249395812323199377120904644144907406788219788505566658475812136307070895126180965251195974381828204295093164682207855560961033044656331184939109255286777196917422788784992542545543548786680467065531504929313470268303591295305351823849235899585593508701350095
A = 673399446843493185355976220164727219409160693016017775035334762763912417007355059864101573882160410269235847316375699302305160320589673865092483354569539954130037760890524389922074585669391288376158078850552647496237056000000016384
B0 = 182002647437282249459342519172809621504
B1 = 4814824860968571115126051218477618548816201237377357952966
B0 = 8494173200831461318
B1 = 261012178719967082286284276340357322303
B0 = 1643487570442835519
B1 = 14149498560668153024
Q1 = 10431205013239416832
R1 = 7044961138027985596
Q1 = 10431205013239416832
Q0 = 7972935496952672627
R0 = 5488478495489744681
Q0 = 7972935496952672627
Q = 192421769259623577357616701840995873139
A_bis = 88141137771173574356225145259960997209
Q1 = 192421769259623577357616701840995873139
R1 = 88141137771173574356225145259960997209
Q1 = 192421769259623577357616701840995873138
Q0 = 18413999146200149464
R0 = 81869937230695651923473263700002593356
Q0 = 18413999146200149464
Q = 3549555131742668001164417928956996751944144207054599040472
A_bis = 1510233779425307996893648443290676132257509315176872558805
Q1 = 3549555131742668001164417928956996751944144207054599040472
R1 = 1510233779425307996893648443290676132257509315176872558805
Q1 = 3549555131742668001164417928956996751944144207054599040471
B0 = 8494173200831461318
B1 = 261012178719967082286284276340357322303
Q1 = 16959176900218063006
R1 = 55541623365148131070310298142392547305
Q1 = 16959176900218063006
Q0 = 3925342168629147648
R0 = 46923208663361336658263860421631709143
Q0 = 3925342168629147648
Q = 312841595979089477542976002964926265344
A_bis = 865580421330297427759837193867761816684746997629260529142
Q0 = 312841595979089477542976002964926265344
R0 = 865580421330297427759837193867761816684746997629260529142
Q0 = 312841595979089477542976002964926265344
Q = 1207851021745758619594347784118625105657204187971730824973787140413992518563877261343342356101120
A_bis = 294541754530696779368797997795972860350336720564857791994602162012684311315932337866013588303118
[div_unsigned_unbalanced]
q = 1207851021745758619594347784118625105657204187971730824973787140413992518563877261343342356101120
r = 294541754530696779368797997795972860350336720564857791994602162012684311315932337866013588303118
Q = 305179488724524634435916591750733251174364777604828690020479580736904739290248549785693689776844211905991885781563604327041974295737402511645936273141969997687317523833332030425020360149415947772745150539924085469075691185098975899178790135434204537405162554350103464602058788926883062785075388697227878518010629771120867077586766059843992848252956474460818939136753679393534497499584336776233423585960569878415856472855690869382041936132060753957212910352689861202574447796819051127586687554954340359109538727733638288065507822152458958802031329168817691009231
A = 100227365388751550555500917454953224568514415139864549351343901813865299628140131432939301531831426716965399943951287320576000000016384
B0 = 11769653127530151936
B1 = 88817841970021405018087710922295049734299684643110154358247143591142958030104
Q1 = 3316245339873413669
R1 = 19634832391349511525739109649001701430812740379299776973217319304171441211542
Q1 = 3316245339873413669
Q0 = 4077995141738070037
R0 = 23215744640494233227119821706971687886079574993545402552892471409767693606152
Q0 = 4077995141738070037
Q = 61173929070276811412940578883013509141
A_bis = 428254899863791281699358256158880490809157938824358054140183599346955524657953554432000000016384
/mnt/3E6A55A36A5558AB/repos/YABIL/libs/bigint/test/arithmetic/BigIntDivOperator_tests.cpp:335: Failure
Expected equality of these values:
  expected_quotioent
    Which is: 32-byte object <40-D4 01-00 20-61 00-00 40-D5 01-00 20-61 00-00 48-D5 01-00 20-61 00-00 00-FF FF-FF FF-FF FF-00>
  quotient
    Which is: 32-byte object <00-82 18-00 10-61 00-00 00-83 18-00 10-61 00-00 00-83 18-00 10-61 00-00 00-D7 2E-2F C8-55 00-00>
[  FAILED  ] BigIntDivOperator_tests.divHugeUnbalancedNumbers_4 (544 ms)
[----------] 1 test from BigIntDivOperator_tests (544 ms total)

[----------] Global test environment tear-down
[==========] 1 test from 1 test suite ran. (544 ms total)
[  PASSED  ] 0 tests.
[  FAILED  ] 1 test, listed below:
[  FAILED  ] BigIntDivOperator_tests.divHugeUnbalancedNumbers_4

 1 FAILED TEST
